// Jest Snapshot v1, https://goo.gl/fbAQLP

exports[`deriveMarkersFromRawMarkerTable matches the snapshot 1`] = `
Array [
  Object {
    "category": 0,
    "data": Object {
      "category": "Paint",
      "interval": "end",
      "type": "tracing",
    },
    "end": 1,
    "incomplete": true,
    "name": "Rasterize",
    "start": 0,
    "title": null,
  },
  Object {
    "category": 0,
    "data": Object {
      "type": "VsyncTimestamp",
    },
    "end": null,
    "name": "VsyncTimestamp",
    "start": 2,
    "title": null,
  },
  Object {
    "category": 0,
    "data": Object {
      "category": "Paint",
      "cause": Object {
        "stack": 2,
        "time": 1,
      },
      "interval": "start",
      "type": "tracing",
    },
    "end": 8,
    "name": "Reflow",
    "start": 3,
    "title": null,
  },
  Object {
    "category": 0,
    "data": Object {
      "category": "Paint",
      "interval": "start",
      "type": "tracing",
    },
    "end": 5,
    "name": "Rasterize",
    "start": 4,
    "title": null,
  },
  Object {
    "category": 0,
    "data": Object {
      "category": "DOMEvent",
      "eventType": "mouseout",
      "interval": "start",
      "phase": 3,
      "timeStamp": 1,
      "type": "tracing",
    },
    "end": 10,
    "name": "DOMEvent",
    "start": 9,
    "title": null,
  },
  Object {
    "category": 0,
    "data": Object {
      "type": "GCMinor",
    },
    "end": 12,
    "name": "MinorGC",
    "start": 11,
    "title": null,
  },
  Object {
    "category": 0,
    "data": Object {
      "entryType": "measure",
      "name": "processing-thread",
      "type": "UserTiming",
    },
    "end": 13,
    "name": "UserTiming",
    "start": 12,
    "title": null,
  },
  Object {
    "category": 0,
    "data": Object {
      "category": "Paint",
      "cause": Object {
        "stack": 2,
        "time": 1,
      },
      "interval": "start",
      "type": "tracing",
    },
    "end": 18,
    "name": "Reflow",
    "start": 13,
    "title": null,
  },
  Object {
    "category": 0,
    "data": Object {
      "category": "Paint",
      "cause": Object {
        "stack": 2,
        "time": 1,
      },
      "interval": "start",
      "type": "tracing",
    },
    "end": 15,
    "name": "Reflow",
    "start": 14,
    "title": null,
  },
  Object {
    "category": 0,
    "data": Object {
      "category": "ArbitraryCategory",
      "type": "tracing",
    },
    "end": null,
    "name": "ArbitraryName",
    "start": 21,
    "title": null,
  },
  Object {
    "category": 0,
    "data": Object {
      "URI": "https://github.com/rustwasm/wasm-bindgen/issues/5",
      "cause": undefined,
      "connectEnd": 23.6,
      "connectStart": 23.3,
      "count": 37838,
      "domainLookupEnd": 23.2,
      "domainLookupStart": 23.1,
      "endTime": 24,
      "fetchStart": 23,
      "id": 388634410746504,
      "pri": -20,
      "requestStart": 23.7,
      "responseEnd": 23.9,
      "responseStart": 23.8,
      "secureConnectionStart": 23.5,
      "startTime": 22,
      "status": "STATUS_STOP",
      "tcpConnectEnd": 23.4,
      "type": "Network",
    },
    "end": 24,
    "name": "Load 32: https://github.com/rustwasm/wasm-bindgen/issues/5",
    "start": 22,
    "title": null,
  },
  Object {
    "category": 0,
    "data": Object {
      "cause": Object {
        "stack": 2,
        "time": 1,
      },
      "filename": "/foo/bar/",
      "operation": "create/open",
      "source": "PoisionOIInterposer",
      "type": "FileIO",
    },
    "end": 24,
    "name": "FileIO",
    "start": 22,
    "title": null,
  },
  Object {
    "category": 0,
    "data": Object {
      "type": "CompositorScreenshot",
      "url": 16,
      "windowHeight": 1000,
      "windowID": "0x136888400",
      "windowWidth": 1280,
    },
    "end": 25,
    "name": "CompositorScreenshot",
    "start": 25,
    "title": null,
  },
  Object {
    "category": 0,
    "data": Object {
      "prefAccessTime": 114.9,
      "prefKind": "User",
      "prefName": "layout.css.dpi",
      "prefType": "Int",
      "prefValue": "-1",
      "type": "PreferenceRead",
    },
    "end": 27,
    "name": "PreferenceRead",
    "start": 26,
    "title": null,
  },
  Object {
    "category": 0,
    "data": Object {
      "direction": "sending",
      "endTime": 1031,
      "messageSeqno": 1,
      "messageType": "PContent::Msg_PreferenceUpdate",
      "otherPid": 2222,
      "phase": "endpoint",
      "recvEndTime": 1030.3,
      "recvThreadName": "Content Process (Thread ID: 1111)",
      "recvTid": 1111,
      "sendEndTime": 30.2,
      "sendStartTime": 30.1,
      "sendThreadName": "Parent Process (Thread ID: 3333)",
      "sendTid": 3333,
      "side": "parent",
      "startTime": 30,
      "sync": false,
      "type": "IPC",
    },
    "end": 1031,
    "incomplete": false,
    "name": "IPCOut",
    "start": 30,
    "title": "IPC — sent to Content Process (Thread ID: 1111)",
  },
  Object {
    "category": 0,
    "data": Object {
      "direction": "sending",
      "endTime": 1031,
      "messageSeqno": 1,
      "messageType": "PContent::Msg_PreferenceUpdate",
      "otherPid": 2222,
      "phase": "transferStart",
      "recvEndTime": 1030.3,
      "recvThreadName": "Content Process (Thread ID: 1111)",
      "recvTid": 1111,
      "sendEndTime": 30.2,
      "sendStartTime": 30.1,
      "sendThreadName": "Parent Process (Thread ID: 3333)",
      "sendTid": 3333,
      "side": "parent",
      "startTime": 30,
      "sync": false,
      "type": "IPC",
    },
    "end": 1031,
    "incomplete": false,
    "name": "IPCOut",
    "start": 30,
    "title": "IPC — sent to Content Process (Thread ID: 1111)",
  },
  Object {
    "category": 0,
    "data": Object {
      "direction": "sending",
      "endTime": undefined,
      "messageSeqno": 2,
      "messageType": "PContent::Msg_PreferenceUpdate",
      "otherPid": 9999,
      "phase": "endpoint",
      "recvEndTime": undefined,
      "recvThreadName": undefined,
      "recvTid": undefined,
      "sendEndTime": undefined,
      "sendStartTime": undefined,
      "sendThreadName": "Parent Process (Thread ID: 3333)",
      "sendTid": 3333,
      "side": "parent",
      "startTime": 40,
      "sync": false,
      "type": "IPC",
    },
    "end": 40,
    "incomplete": true,
    "name": "IPCOut",
    "start": 40,
    "title": "IPC — sent to 9999",
  },
  Object {
    "category": 0,
    "data": Object {
      "category": "Paint",
      "interval": "start",
      "type": "tracing",
    },
    "end": 100,
    "incomplete": true,
    "name": "Rasterize",
    "start": 100,
    "title": null,
  },
]
`;
