// Jest Snapshot v1, https://goo.gl/fbAQLP

exports[`extract functions and resource from location strings extracts the information for all different types of locations 1`] = `
Array [
  Array [
    "0xc0ff33",
    Object {
      "address": 65331,
      "fileName": null,
      "funcName": "0xc0ff33",
      "host": null,
      "isJS": false,
      "lib": Object {
        "arch": "",
        "breakpadId": "",
        "debugName": "",
        "debugPath": "",
        "end": 13631488,
        "name": "No symbols library",
        "offset": 0,
        "path": "",
        "start": 12582912,
      },
      "libIndex": 0,
      "lineNumber": null,
      "resourceIndex": 0,
      "resourceName": "",
      "resourceType": 1,
    },
  ],
  Array [
    "cppFunction1 (in c++ resource name1) + 123",
    Object {
      "address": -1,
      "fileName": null,
      "funcName": "cppFunction1",
      "host": null,
      "isJS": false,
      "lib": undefined,
      "libIndex": -1,
      "lineNumber": null,
      "resourceIndex": 1,
      "resourceName": "c++ resource name1",
      "resourceType": 1,
    },
  ],
  Array [
    "cppFunction2 (in c++ resource name2) (234:345)",
    Object {
      "address": -1,
      "fileName": null,
      "funcName": "cppFunction2",
      "host": null,
      "isJS": false,
      "lib": undefined,
      "libIndex": -1,
      "lineNumber": null,
      "resourceIndex": 2,
      "resourceName": "c++ resource name2",
      "resourceType": 1,
    },
  ],
  Array [
    "cppFunction3 (in c++ resource name2)",
    Object {
      "address": -1,
      "fileName": null,
      "funcName": "cppFunction3",
      "host": null,
      "isJS": false,
      "lib": undefined,
      "libIndex": -1,
      "lineNumber": null,
      "resourceIndex": 2,
      "resourceName": "c++ resource name2",
      "resourceType": 1,
    },
  ],
  Array [
    "jsFunction1 (http://script.com/one.js:456)",
    Object {
      "address": -1,
      "fileName": "http://script.com/one.js",
      "funcName": "jsFunction1",
      "host": "script.com",
      "isJS": true,
      "lib": undefined,
      "libIndex": undefined,
      "lineNumber": 456,
      "resourceIndex": 3,
      "resourceName": "http://script.com",
      "resourceType": 3,
    },
  ],
  Array [
    "http://script.com/one.js:456",
    Object {
      "address": -1,
      "fileName": "http://script.com/one.js",
      "funcName": "(root scope) http://script.com/one.js",
      "host": "script.com",
      "isJS": true,
      "lib": undefined,
      "libIndex": undefined,
      "lineNumber": 456,
      "resourceIndex": 3,
      "resourceName": "http://script.com",
      "resourceType": 3,
    },
  ],
  Array [
    "mysterious location",
    Object {
      "address": -1,
      "fileName": null,
      "funcName": "mysterious location",
      "host": null,
      "isJS": false,
      "lib": undefined,
      "libIndex": undefined,
      "lineNumber": null,
      "resourceIndex": -1,
      "resourceName": null,
      "resourceType": null,
    },
  ],
]
`;
