// Jest Snapshot v1, https://goo.gl/fbAQLP

exports[`inverted call tree computed structure computes an inverted call tree 1`] = `
"
- Z (total: 2, self:2)
 - Y (total: 2, self:—)
   - X (total: 2, self:—)
     - B (total: 1, self:—)
       - A (total: 1, self:—)
     - C (total: 1, self:—)
       - B (total: 1, self:—)
         - A (total: 1, self:—)
- E (total: 1, self:1)
 - D (total: 1, self:—)
   - C (total: 1, self:—)
     - B (total: 1, self:—)
       - A (total: 1, self:—)"
`;

exports[`unfiltered call tree computed structure computes an unfiltered call tree 1`] = `
"
- A (total: 3, self:—)
 - B (total: 3, self:—)
   - C (total: 2, self:—)
     - D (total: 1, self:—)
       - E (total: 1, self:1)
     - F (total: 1, self:—)
       - G (total: 1, self:1)
   - H (total: 1, self:—)
     - I (total: 1, self:1)"
`;
