// Jest Snapshot v1, https://goo.gl/fbAQLP

exports[`console-accessible values on the window object logs a friendly message 1`] = `
Array [
  Array [
    "%c  __ _           __                                  
 / _(_)         / _|                                 
| |_ _ _ __ ___| |_ _____  __                        
|  _| | '__/ _ \\\\  _/ _ \\\\ \\\\/ /                        
| | | | | |  __/ || (_) >  <       __ _ _            
|_| |_|_|  \\\\___|_| \\\\___/_/\\\\_\\\\     / _(_) |           
    ,.       ,.   _ __  _ __ ___ | |_ _| | ___ _ _   
    | \\\\     / |  | '_ \\\\| '__/ _ \\\\|  _| | |/ _ \\\\ '_|  
    |/ \\\\ _ / \\\\|  | |_) | | | (_) | | | | |  __/ |    
    |         |  | .__/|_|  \\\\___/|_| |_|_|\\\\___|_|    
    /  -    - \\\\  |_|                                     
  ,-    V__V   -.                                     
 -=  __-  * - .,=-                                    
  \`\\\\_    -   _/                                       
      \`-----'                                         ",
    "font-family: Menlo, monospace;",
  ],
  Array [
    "%cThe following profiler information is available via the console:%c

%cwindow.profile%c - The currently loaded profile
%cwindow.filteredThread%c - The current filtered thread
%cwindow.filteredMarkers%c - The current filtered and processed markers
%cwindow.callTree%c - The call tree of the current filtered thread

The profile format is documented here:
%chttps://github.com/firefox-devtools/profiler/blob/master/docs-developer/processed-profile-format.md%c

The CallTree class's source code is available here:
%chttps://github.com/firefox-devtools/profiler/blob/master/src/profile-logic/call-tree.js%c",
    "font-size: 130%;",
    "",
    "font-weight: bold;",
    "",
    "font-weight: bold;",
    "",
    "font-weight: bold;",
    "",
    "font-weight: bold;",
    "",
    "font-style: italic; text-decoration: underline;",
    "",
    "font-style: italic; text-decoration: underline;",
    "",
  ],
]
`;
