// Jest Snapshot v1, https://goo.gl/fbAQLP

exports[`calltree/CallNodeContextMenu basic rendering renders a full context menu when open, with many nav items 1`] = `
<nav
  class="react-contextmenu"
  role="menu"
  style="position: fixed; opacity: 0; pointer-events: none;"
  tabindex="-1"
>
  <div
    aria-disabled="false"
    class="react-contextmenu-item"
    role="menuitem"
    tabindex="-1"
  >
    <span
      class="callNodeContextMenuIcon callNodeContextMenuIconMerge"
    />
    Merge node into calling function
  </div>
  <div
    aria-disabled="false"
    class="react-contextmenu-item"
    role="menuitem"
    tabindex="-1"
  >
    <span
      class="callNodeContextMenuIcon callNodeContextMenuIconMerge"
    />
    Merge function into caller across the entire tree
  </div>
  <div
    aria-disabled="false"
    class="react-contextmenu-item"
    role="menuitem"
    tabindex="-1"
  >
    <span
      class="callNodeContextMenuIcon callNodeContextMenuIconFocus"
    />
    Focus on subtree
  </div>
  <div
    aria-disabled="false"
    class="react-contextmenu-item"
    role="menuitem"
    tabindex="-1"
  >
    <span
      class="callNodeContextMenuIcon callNodeContextMenuIconFocus"
    />
    Focus on function
  </div>
  <div
    aria-disabled="false"
    class="react-contextmenu-item"
    role="menuitem"
    tabindex="-1"
  >
    <span
      class="callNodeContextMenuIcon callNodeContextMenuIconCollapse"
    />
    Collapse functionâ€™s subtree across the entire tree
  </div>
  <div
    aria-disabled="false"
    class="react-contextmenu-item"
    role="menuitem"
    tabindex="-1"
  >
    <span
      class="callNodeContextMenuIcon callNodeContextMenuIconCollapse"
    />
    Collapse functions in
     
    <span
      class="callNodeContextMenuLabel"
    >
      library
    </span>
  </div>
  <div
    aria-disabled="false"
    class="react-contextmenu-item"
    role="menuitem"
    tabindex="-1"
  >
    <span
      class="callNodeContextMenuIcon callNodeContextMenuIconCollapse"
    />
    Collapse direct recursion
  </div>
  <div
    aria-disabled="false"
    class="react-contextmenu-item"
    role="menuitem"
    tabindex="-1"
  >
    <span
      class="callNodeContextMenuIcon callNodeContextMenuIconDrop"
    />
    Drop samples with this function
  </div>
  <div
    class="react-contextmenu-separator"
  />
  <div
    aria-disabled="false"
    class="react-contextmenu-item"
    role="menuitem"
    tabindex="-1"
  >
    Expand all
  </div>
  <div
    class="react-contextmenu-separator"
  />
  <div
    aria-disabled="false"
    class="react-contextmenu-item"
    role="menuitem"
    tabindex="-1"
  >
    Look up the function name on Searchfox
  </div>
  <div
    aria-disabled="false"
    class="react-contextmenu-item"
    role="menuitem"
    tabindex="-1"
  >
    Copy function name
  </div>
  <div
    aria-disabled="false"
    class="react-contextmenu-item"
    role="menuitem"
    tabindex="-1"
  >
    Copy stack
  </div>
</nav>
`;
