// Jest Snapshot v1, https://goo.gl/fbAQLP

exports[`timeline/GlobalTrack matches the snapshot of a global track 1`] = `
<li
  className="timelineTrack"
>
  <div
    className="timelineTrackRow timelineTrackGlobalRow"
    onClick={[Function]}
  >
    <div
      className="react-contextmenu-wrapper timelineTrackLabel timelineTrackGlobalGrippy"
      onContextMenu={[Function]}
      onMouseDown={[Function]}
      onMouseOut={[Function]}
      onMouseUp={[Function]}
      onTouchEnd={[Function]}
      onTouchStart={[Function]}
      title="thread: \\"GeckoMain\\" (0)
process: \\"tab\\" (222)"
    >
      <button
        className="timelineTrackNameButton"
        type="button"
      >
        Content Process
      </button>
    </div>
    <div
      className="timelineTrackTrack"
    >
      <div
        className="timelineTrackThread"
      >
        <div
          className="timelineTrackThreadIntervalMarkerOverview"
        >
          <canvas
            className="timelineTracingMarkersCanvas"
            onMouseDown={[Function]}
            onMouseMove={[Function]}
            onMouseOut={[Function]}
            onMouseUp={[Function]}
          />
        </div>
        <div
          className="
              timelineTrackThreadIntervalMarkerOverview
              timelineTrackThreadIntervalMarkerOverviewThreadGeckoMain
            "
        >
          <canvas
            className="timelineTracingMarkersCanvas"
            onMouseDown={[Function]}
            onMouseMove={[Function]}
            onMouseOut={[Function]}
            onMouseUp={[Function]}
          />
        </div>
        <div
          className="threadActivityGraph"
        >
          <canvas
            className="threadActivityGraphCanvas threadActivityGraphCanvas"
            onMouseUp={[Function]}
          />
        </div>
        <div
          className="timelineEmptyThreadIndicator"
        />
      </div>
    </div>
  </div>
  <ol
    className="timelineTrackLocalTracks"
    onMouseDown={[Function]}
  >
    <li
      className="timelineTrack timelineTrackLocal"
    >
      <div
        className="timelineTrackRow timelineTrackLocalRow selected"
        onClick={[Function]}
      >
        <div
          className="react-contextmenu-wrapper timelineTrackLabel timelineTrackLocalLabel timelineTrackLocalGrippy"
          onContextMenu={[Function]}
          onMouseDown={[Function]}
          onMouseOut={[Function]}
          onMouseUp={[Function]}
          onTouchEnd={[Function]}
          onTouchStart={[Function]}
          title="thread: \\"DOM Worker\\" (0)
process: \\"tab\\" (222)"
        >
          <button
            className="timelineTrackNameButton"
            type="button"
          >
            DOM Worker
          </button>
        </div>
        <div
          className="timelineTrackTrack"
        >
          <div
            className="timelineTrackThread"
          >
            <div
              className="timelineTrackThreadIntervalMarkerOverview selected"
            >
              <canvas
                className="timelineTracingMarkersCanvas"
                onMouseDown={[Function]}
                onMouseMove={[Function]}
                onMouseOut={[Function]}
                onMouseUp={[Function]}
              />
            </div>
            <div
              className="threadActivityGraph"
            >
              <canvas
                className="threadActivityGraphCanvas threadActivityGraphCanvas"
                onMouseUp={[Function]}
              />
            </div>
            <div
              className="timelineEmptyThreadIndicator"
            />
          </div>
        </div>
      </div>
    </li>
    <li
      className="timelineTrack timelineTrackLocal"
    >
      <div
        className="timelineTrackRow timelineTrackLocalRow"
        onClick={[Function]}
      >
        <div
          className="react-contextmenu-wrapper timelineTrackLabel timelineTrackLocalLabel timelineTrackLocalGrippy"
          onContextMenu={[Function]}
          onMouseDown={[Function]}
          onMouseOut={[Function]}
          onMouseUp={[Function]}
          onTouchEnd={[Function]}
          onTouchStart={[Function]}
          title="thread: \\"Style\\" (0)
process: \\"tab\\" (222)"
        >
          <button
            className="timelineTrackNameButton"
            type="button"
          >
            Style
          </button>
        </div>
        <div
          className="timelineTrackTrack"
        >
          <div
            className="timelineTrackThread"
          >
            <div
              className="timelineTrackThreadIntervalMarkerOverview"
            >
              <canvas
                className="timelineTracingMarkersCanvas"
                onMouseDown={[Function]}
                onMouseMove={[Function]}
                onMouseOut={[Function]}
                onMouseUp={[Function]}
              />
            </div>
            <div
              className="threadActivityGraph"
            >
              <canvas
                className="threadActivityGraphCanvas threadActivityGraphCanvas"
                onMouseUp={[Function]}
              />
            </div>
            <div
              className="timelineEmptyThreadIndicator"
            />
          </div>
        </div>
      </div>
    </li>
  </ol>
</li>
`;
