// Jest Snapshot v1, https://goo.gl/fbAQLP

exports[`MarkerTable renders some basic markers 1`] = `
<div
  aria-labelledby="marker-table-tab-button"
  class="markerTable"
  id="marker-table-tab"
  role="tabpanel"
>
  <div
    class="markerSettings"
  >
    <div
      class="markerSettingsSpacer"
    />
    <div
      class="markerSettingsSearchbar"
    >
      <label
        class="markerSettingsSearchbarLabel"
      >
        Filter Markers: 
        <form
          class="idleSearchField markerSettingsSearchField"
        >
          <input
            class="idleSearchFieldInput photon-input"
            name="search"
            placeholder="Enter filter terms"
            required=""
            title="Only display markers that match a certain name"
            type="search"
            value=""
          />
          <input
            class="idleSearchFieldButton"
            tabindex="-1"
            type="reset"
          />
        </form>
      </label>
    </div>
  </div>
  <div
    class="treeView"
  >
    <div
      class="treeViewHeader"
    >
      <span
        class="treeViewHeaderColumn treeViewFixedColumn start"
      >
        Start
      </span>
      <span
        class="treeViewHeaderColumn treeViewFixedColumn duration"
      >
        Duration
      </span>
      <span
        class="treeViewHeaderColumn treeViewFixedColumn category"
      >
        Category
      </span>
      <span
        class="treeViewHeaderColumn treeViewMainColumn name"
      >
        Description
      </span>
    </div>
    <div
      class="react-contextmenu-wrapper treeViewContextMenu"
    >
      <div
        aria-label="Call tree"
        class="treeViewBody"
        role="tree"
        tabindex="0"
      >
        <div
          class="treeViewBodyInnerWrapper"
        >
          <div
            class="treeViewBodyInner treeViewBodyInner0"
            style="height: 48px;"
          >
            <div
              class="treeViewBodyInner treeViewBodyInner0TopSpacer"
              style="height: 0px;"
            />
            <div
              class="treeViewBodyInner treeViewBodyInner0InnerChunk"
            >
              <div
                class="treeViewRow treeViewRowFixedColumns even "
                style="height: 16px; line-height: 16px;"
              >
                <span
                  class="treeViewRowColumn treeViewFixedColumn start"
                  title="0.000s"
                >
                  0.000s
                </span>
                <span
                  class="treeViewRowColumn treeViewFixedColumn duration"
                  title="—"
                >
                  —
                </span>
                <span
                  class="treeViewRowColumn treeViewFixedColumn category"
                  title="UserTiming"
                >
                  UserTiming
                </span>
              </div>
              <div
                class="treeViewRow treeViewRowFixedColumns odd "
                style="height: 16px; line-height: 16px;"
              >
                <span
                  class="treeViewRowColumn treeViewFixedColumn start"
                  title="0.002s"
                >
                  0.002s
                </span>
                <span
                  class="treeViewRowColumn treeViewFixedColumn duration"
                  title="unknown"
                >
                  unknown
                </span>
                <span
                  class="treeViewRowColumn treeViewFixedColumn category"
                  title="Paint"
                >
                  Paint
                </span>
              </div>
              <div
                class="treeViewRow treeViewRowFixedColumns even "
                style="height: 16px; line-height: 16px;"
              >
                <span
                  class="treeViewRowColumn treeViewFixedColumn start"
                  title="0.153s"
                >
                  0.153s
                </span>
                <span
                  class="treeViewRowColumn treeViewFixedColumn duration"
                  title="0.001ms"
                >
                  0.001ms
                </span>
                <span
                  class="treeViewRowColumn treeViewFixedColumn category"
                  title="Text"
                >
                  Text
                </span>
              </div>
            </div>
          </div>
          <div
            class="treeViewBodyInner treeViewBodyInner1"
            style="height: 48px; width: 3000px;"
          >
            <div
              class="treeViewBodyInner treeViewBodyInner1TopSpacer"
              style="height: 0px;"
            />
            <div
              class="treeViewBodyInner treeViewBodyInner1InnerChunk"
            >
              <div
                aria-label="foobar, running time is undefined (undefined), self time is undefined"
                aria-level="1"
                aria-selected="false"
                class="treeViewRow treeViewRowScrolledColumns even  "
                id="treeViewRow-0"
                role="treeitem"
                style="height: 16px; line-height: 16px;"
              >
                <span
                  class="treeRowIndentSpacer"
                  style="width: 0px;"
                />
                <span
                  class="treeRowToggleButton collapsed leaf"
                />
                <span
                  class="treeViewRowColumn treeViewMainColumn name"
                >
                  foobar
                </span>
              </div>
              <div
                aria-label="NotifyDidPaint, running time is undefined (undefined), self time is undefined"
                aria-level="1"
                aria-selected="false"
                class="treeViewRow treeViewRowScrolledColumns odd  "
                id="treeViewRow-1"
                role="treeitem"
                style="height: 16px; line-height: 16px;"
              >
                <span
                  class="treeRowIndentSpacer"
                  style="width: 0px;"
                />
                <span
                  class="treeRowToggleButton collapsed leaf"
                />
                <span
                  class="treeViewRowColumn treeViewMainColumn name"
                >
                  NotifyDidPaint
                </span>
              </div>
              <div
                aria-label="setTimeout — 5.5, running time is undefined (undefined), self time is undefined"
                aria-level="1"
                aria-selected="false"
                class="treeViewRow treeViewRowScrolledColumns even  "
                id="treeViewRow-2"
                role="treeitem"
                style="height: 16px; line-height: 16px;"
              >
                <span
                  class="treeRowIndentSpacer"
                  style="width: 0px;"
                />
                <span
                  class="treeRowToggleButton collapsed leaf"
                />
                <span
                  class="treeViewRowColumn treeViewMainColumn name"
                >
                  setTimeout — 5.5
                </span>
              </div>
            </div>
          </div>
        </div>
      </div>
    </div>
  </div>
</div>
`;
