// Jest Snapshot v1, https://goo.gl/fbAQLP

exports[`MarkerChart EmptyReasons shows a reason when a profile has no markers 1`] = `
<div
  className="EmptyReasons"
>
  <h3>
    The 
    marker chart
     is empty for “
    Empty
    ”
  </h3>
  <p>
    This thread contains no markers for this chart.
  </p>
</div>
`;

exports[`MarkerChart EmptyReasons shows a reason when a profile's markers have been filtered out 1`] = `
<div
  className="EmptyReasons"
>
  <h3>
    The 
    marker chart
     is empty for “
    Empty
    ”
  </h3>
  <p>
    All markers were filtered out by the current selection or search term.
  </p>
</div>
`;

exports[`MarkerChart renders the hoveredItem markers properly 1`] = `
Array [
  Array [
    "set fillStyle",
    "#ffffff",
  ],
  Array [
    "fillRect",
    0,
    0,
    365,
    300,
  ],
  Array [
    "set lineWidth",
    1,
  ],
  Array [
    "set fillStyle",
    "Highlight",
  ],
  Array [
    "fillRect",
    151,
    1,
    248,
    1,
  ],
  Array [
    "fillRect",
    150,
    2,
    250,
    11,
  ],
  Array [
    "fillRect",
    151,
    13,
    248,
    1,
  ],
  Array [
    "measureText",
    "",
  ],
  Array [
    "set fillStyle",
    "#45a1ff",
  ],
  Array [
    "fillRect",
    151,
    17,
    248,
    1,
  ],
  Array [
    "fillRect",
    150,
    18,
    250,
    11,
  ],
  Array [
    "fillRect",
    151,
    29,
    248,
    1,
  ],
  Array [
    "measureText",
    "",
  ],
  Array [
    "set fillStyle",
    "#45a1ff",
  ],
  Array [
    "beginPath",
  ],
  Array [
    "arc",
    255,
    39.5,
    3.75,
    0,
    6.283185307179586,
  ],
  Array [
    "fill",
  ],
  Array [
    "set fillStyle",
    "#45a1ff",
  ],
  Array [
    "fillRect",
    276,
    49,
    248,
    1,
  ],
  Array [
    "fillRect",
    275,
    50,
    250,
    11,
  ],
  Array [
    "fillRect",
    276,
    61,
    248,
    1,
  ],
  Array [
    "measureText",
    "",
  ],
  Array [
    "set fillStyle",
    "#45a1ff",
  ],
  Array [
    "fillRect",
    276,
    65,
    123,
    1,
  ],
  Array [
    "fillRect",
    275,
    66,
    125,
    11,
  ],
  Array [
    "fillRect",
    276,
    77,
    123,
    1,
  ],
  Array [
    "set fillStyle",
    "white",
  ],
  Array [
    "fillText",
    "click",
    278,
    75,
  ],
  Array [
    "set fillStyle",
    "#45a1ff",
  ],
  Array [
    "beginPath",
  ],
  Array [
    "arc",
    330,
    87.5,
    3.75,
    0,
    6.283185307179586,
  ],
  Array [
    "fill",
  ],
  Array [
    "set fillStyle",
    "#ededf0",
  ],
  Array [
    "fillRect",
    149,
    0,
    1,
    300,
  ],
  Array [
    "fillRect",
    0,
    15,
    365,
    1,
  ],
  Array [
    "fillRect",
    0,
    31,
    365,
    1,
  ],
  Array [
    "fillRect",
    0,
    47,
    365,
    1,
  ],
  Array [
    "fillRect",
    0,
    63,
    365,
    1,
  ],
  Array [
    "fillRect",
    0,
    79,
    365,
    1,
  ],
  Array [
    "fillRect",
    0,
    95,
    365,
    1,
  ],
  Array [
    "set fillStyle",
    "#000000",
  ],
  Array [
    "fillText",
    "Marker A",
    5,
    11,
  ],
  Array [
    "fillText",
    "Dot marker E",
    5,
    43,
  ],
  Array [
    "fillText",
    "Very very very very very ver…",
    5,
    59,
  ],
  Array [
    "fillText",
    "Marker G type DOMEvent",
    5,
    75,
  ],
  Array [
    "fillText",
    "Non-interval marker F withou…",
    5,
    91,
  ],
]
`;

exports[`MarkerChart renders the normal marker chart and matches the snapshot 1`] = `
<div
  aria-labelledby="marker-chart-tab-button"
  className="markerChart"
  id="marker-chart-tab"
  role="tabpanel"
>
  <div
    className="markerSettings"
  >
    <div
      className="markerSettingsSpacer"
    />
    <div
      className="markerSettingsSearchbar"
    >
      <label
        className="markerSettingsSearchbarLabel"
      >
        Filter Markers: 
        <form
          className="idleSearchField markerSettingsSearchField"
          onSubmit={[Function]}
        >
          <input
            className="idleSearchFieldInput"
            name="search"
            onBlur={[Function]}
            onChange={[Function]}
            onFocus={[Function]}
            required="required"
            title="Only display markers that match a certain name"
            type="search"
            value=""
          />
          <input
            className="idleSearchFieldButton"
            onClick={[Function]}
            tabIndex={-1}
            type="reset"
          />
        </form>
      </label>
    </div>
  </div>
  <div
    className="chartViewport"
    onKeyDown={[Function]}
    onKeyUp={[Function]}
    onMouseDown={[Function]}
    onWheel={[Function]}
    tabIndex={0}
  >
    <div>
      <canvas
        className="chartCanvas markerChartCanvas"
        onDoubleClick={[Function]}
        onMouseDown={[Function]}
        onMouseMove={[Function]}
        onMouseOut={[Function]}
        onMouseUp={[Function]}
      />
    </div>
    <div
      className="chartViewportShiftScroll hidden"
    >
      Zoom Chart:
      <kbd
        className="chartViewportShiftScrollKbd"
      >
        Shift
      </kbd>
      <kbd
        className="chartViewportShiftScrollKbd"
      >
        Scroll
      </kbd>
    </div>
  </div>
</div>
`;

exports[`MarkerChart renders the normal marker chart and matches the snapshot 2`] = `
Array [
  Array [
    "scale",
    1,
    1,
  ],
  Array [
    "set fillStyle",
    "#ffffff",
  ],
  Array [
    "fillRect",
    0,
    0,
    365,
    300,
  ],
  Array [
    "set lineWidth",
    1,
  ],
  Array [
    "set fillStyle",
    "#45a1ff",
  ],
  Array [
    "measureText",
    "abcdefghijklmnopqrstuvwxyzABCDEFGHIJKLMNOPQRSTUVWXYZ.()< /:-_",
  ],
  Array [
    "measureText",
    "…",
  ],
  Array [
    "fillRect",
    151,
    1,
    248,
    1,
  ],
  Array [
    "fillRect",
    150,
    2,
    250,
    11,
  ],
  Array [
    "fillRect",
    151,
    13,
    248,
    1,
  ],
  Array [
    "measureText",
    "",
  ],
  Array [
    "set fillStyle",
    "#45a1ff",
  ],
  Array [
    "fillRect",
    151,
    17,
    248,
    1,
  ],
  Array [
    "fillRect",
    150,
    18,
    250,
    11,
  ],
  Array [
    "fillRect",
    151,
    29,
    248,
    1,
  ],
  Array [
    "measureText",
    "",
  ],
  Array [
    "set fillStyle",
    "#45a1ff",
  ],
  Array [
    "beginPath",
  ],
  Array [
    "arc",
    255,
    39.5,
    3.75,
    0,
    6.283185307179586,
  ],
  Array [
    "fill",
  ],
  Array [
    "set fillStyle",
    "#45a1ff",
  ],
  Array [
    "fillRect",
    276,
    49,
    248,
    1,
  ],
  Array [
    "fillRect",
    275,
    50,
    250,
    11,
  ],
  Array [
    "fillRect",
    276,
    61,
    248,
    1,
  ],
  Array [
    "measureText",
    "",
  ],
  Array [
    "set fillStyle",
    "#45a1ff",
  ],
  Array [
    "fillRect",
    276,
    65,
    123,
    1,
  ],
  Array [
    "fillRect",
    275,
    66,
    125,
    11,
  ],
  Array [
    "fillRect",
    276,
    77,
    123,
    1,
  ],
  Array [
    "measureText",
    "click",
  ],
  Array [
    "set fillStyle",
    "white",
  ],
  Array [
    "fillText",
    "click",
    278,
    75,
  ],
  Array [
    "set fillStyle",
    "#45a1ff",
  ],
  Array [
    "beginPath",
  ],
  Array [
    "arc",
    330,
    87.5,
    3.75,
    0,
    6.283185307179586,
  ],
  Array [
    "fill",
  ],
  Array [
    "set fillStyle",
    "#ededf0",
  ],
  Array [
    "fillRect",
    149,
    0,
    1,
    300,
  ],
  Array [
    "fillRect",
    0,
    15,
    365,
    1,
  ],
  Array [
    "fillRect",
    0,
    31,
    365,
    1,
  ],
  Array [
    "fillRect",
    0,
    47,
    365,
    1,
  ],
  Array [
    "fillRect",
    0,
    63,
    365,
    1,
  ],
  Array [
    "fillRect",
    0,
    79,
    365,
    1,
  ],
  Array [
    "fillRect",
    0,
    95,
    365,
    1,
  ],
  Array [
    "set fillStyle",
    "#000000",
  ],
  Array [
    "measureText",
    "Marker A",
  ],
  Array [
    "fillText",
    "Marker A",
    5,
    11,
  ],
  Array [
    "measureText",
    "Dot marker E",
  ],
  Array [
    "fillText",
    "Dot marker E",
    5,
    43,
  ],
  Array [
    "measureText",
    "Very very very very very very Very very very very very very Very very very very very very Very very very very very very Very very very very very very long Marker D",
  ],
  Array [
    "fillText",
    "Very very very very very ver…",
    5,
    59,
  ],
  Array [
    "measureText",
    "Marker G type DOMEvent",
  ],
  Array [
    "fillText",
    "Marker G type DOMEvent",
    5,
    75,
  ],
  Array [
    "measureText",
    "Non-interval marker F without data",
  ],
  Array [
    "fillText",
    "Non-interval marker F withou…",
    5,
    91,
  ],
]
`;
