// Jest Snapshot v1, https://goo.gl/fbAQLP

exports[`MarkerSidebar matches the snapshots when displaying data about the currently selected node 1`] = `
<aside
  class="sidebar sidebar-marker-table"
>
  <div
    class="sidebar-contents-wrapper"
  >
    <div
      class="tooltipMarker"
    >
      <div
        class="tooltipHeader"
      >
        <div
          class="tooltipOneLine"
        >
          <div
            class="tooltipTiming"
          >
            unknown duration
          </div>
          <div
            class="tooltipTitle"
          >
            IPC â€” sent to 2222
          </div>
        </div>
        <div
          class="tooltipDetails"
        >
          <div
            class="tooltipLabel"
          >
            Thread
            :
          </div>
          Empty
        </div>
      </div>
      <div
        class="tooltipDetails"
      >
        <div
          class="tooltipLabel"
        >
          Type
          :
        </div>
        PContent::Msg_PreferenceUpdate
        <div
          class="tooltipLabel"
        >
          Sync
          :
        </div>
        false
        <div
          class="tooltipLabel"
        >
          Send Thread Latency
          :
        </div>
        unknown
        <div
          class="tooltipLabel"
        >
          IPC Speed
          :
        </div>
        unknown
        <div
          class="tooltipLabel"
        >
          IPC Latency
          :
        </div>
        unknown
        <div
          class="tooltipLabel"
        >
          Recv Thread Latency
          :
        </div>
        unknown
      </div>
    </div>
  </div>
</aside>
`;
