// Jest Snapshot v1, https://goo.gl/fbAQLP

exports[`EmptyReasons shows a reason when a profile's network markers have been filtered out 1`] = `
<div
  className="EmptyReasons"
>
  <h3>
    The 
    network chart
     is empty for “
    Empty
    ”
  </h3>
  <p>
    All network requests were filtered out by the current selection or search term. Try changing the search term, or zooming out.
  </p>
</div>
`;

exports[`NetworkChart renders NetworkChart correctly 1`] = `
<div
  aria-labelledby="network-chart-tab-button"
  className="networkChart"
  id="network-chart-tab"
  role="tabpanel"
>
  <div
    className="markerSettings"
  >
    <div
      className="markerSettingsSpacer"
    />
    <div
      className="markerSettingsSearchbar"
    >
      <label
        className="markerSettingsSearchbarLabel"
      >
        Filter Markers: 
        <form
          className="idleSearchField markerSettingsSearchField"
          onSubmit={[Function]}
        >
          <input
            className="idleSearchFieldInput"
            name="search"
            onBlur={[Function]}
            onChange={[Function]}
            onFocus={[Function]}
            required="required"
            title="Only display markers that match a certain name"
            type="search"
            value=""
          />
          <input
            className="idleSearchFieldButton"
            onClick={[Function]}
            tabIndex={-1}
            type="reset"
          />
        </form>
      </label>
    </div>
  </div>
  <div
    className="treeViewBody"
    onKeyDown={[Function]}
    tabIndex={0}
  >
    <div
      className="treeViewBodyInnerWrapper"
    >
      <div
        className="treeViewBodyInner treeViewBodyInner0"
        style={
          Object {
            "height": "16px",
            "width": undefined,
          }
        }
      >
        <div
          className="treeViewBodyInner treeViewBodyInner0TopSpacer"
          key="-1"
          style={
            Object {
              "height": "0px",
            }
          }
        />
        <div
          className="treeViewBodyInner treeViewBodyInner0InnerChunk"
        >
          <section
            className="even networkChartRowItem "
          >
            <div
              className="networkChartRowItemLabel"
            >
              <span>
                <span
                  className="networkChartRowItemUriOptional"
                >
                  https://
                </span>
                <span
                  className="networkChartRowItemUriRequired"
                >
                  mozilla.org
                </span>
                <span
                  className="networkChartRowItemUriRequired"
                >
                  /
                </span>
              </span>
            </div>
            <div
              className="networkChartRowItemBar"
              onMouseEnter={[Function]}
              onMouseLeave={[Function]}
              style={
                Object {
                  "left": 0,
                  "width": 2.5,
                }
              }
            >
              Array [
                <span
                  className="networkChartRowItemBarInner networkChartRowItemBarRequestQueue"
                  style={
                    Object {
                      "width": "0%",
                    }
                  }
                >
                   
                </span>,
                <span
                  className="networkChartRowItemBarInner networkChartRowItemBarRequest"
                  style={
                    Object {
                      "width": "0%",
                    }
                  }
                >
                   
                </span>,
                <span
                  className="networkChartRowItemBarInner networkChartRowItemBarResponse"
                  style={
                    Object {
                      "width": "100%",
                    }
                  }
                >
                   
                </span>,
              ]
            </div>
          </section>
        </div>
      </div>
    </div>
  </div>
</div>
`;

exports[`NetworkChart renders NetworkChart correctly 2`] = `Array []`;
