// Jest Snapshot v1, https://goo.gl/fbAQLP

exports[`ProfileThreadTracingMarkerOverview renders correctly 1`] = `
<div
  className="profileThreadTrackingMarkerOverview selected"
>
  <canvas
    className="profileThreadTrackingMarkerOverviewCanvas intervalMarkerTimelineCanvas"
    onMouseDown={[Function]}
    onMouseMove={[Function]}
    onMouseOut={[Function]}
    onMouseUp={[Function]}
  />
</div>
`;

exports[`ProfileThreadTracingMarkerOverview renders correctly 2`] = `
Array [
  Array [
    "clearRect",
    0,
    0,
    200,
    300,
  ],
  Array [
    "scale",
    1,
    1,
  ],
  Array [
    "set fillStyle",
    "black",
  ],
  Array [
    "fillRect",
    1,
    0,
    131.33333333333331,
    1,
  ],
  Array [
    "fillRect",
    0,
    1,
    133.33333333333331,
    4,
  ],
  Array [
    "fillRect",
    1,
    5,
    131.33333333333331,
    1,
  ],
  Array [
    "set fillStyle",
    "black",
  ],
  Array [
    "fillRect",
    1,
    0,
    131.33333333333331,
    1,
  ],
  Array [
    "fillRect",
    0,
    1,
    133.33333333333331,
    4,
  ],
  Array [
    "fillRect",
    1,
    5,
    131.33333333333331,
    1,
  ],
  Array [
    "set fillStyle",
    "black",
  ],
  Array [
    "fillRect",
    67.66666666666666,
    0,
    131.33333333333331,
    1,
  ],
  Array [
    "fillRect",
    66.66666666666666,
    1,
    133.33333333333331,
    4,
  ],
  Array [
    "fillRect",
    67.66666666666666,
    5,
    131.33333333333331,
    1,
  ],
  Array [
    "scale",
    1,
    1,
  ],
]
`;
