// Jest Snapshot v1, https://goo.gl/fbAQLP

exports[`StackChart matches the snapshot 1`] = `
<div
  className="stackChart"
>
  <div
    className="stackSettings"
  >
    <ul
      className="stackSettingsList"
    >
      <li
        className="stackSettingsListItem stackSettingsFilter"
      >
        <label
          className="stackSettingsFilterLabel"
        >
          <input
            checked={true}
            className="stackSettingsFilterInput"
            name="stack-settings-filter"
            onChange={[Function]}
            title="Filter stack frames to a type."
            type="radio"
            value="combined"
          />
          All stacks
        </label>
        <label
          className="stackSettingsFilterLabel"
        >
          <input
            checked={false}
            className="stackSettingsFilterInput"
            name="stack-settings-filter"
            onChange={[Function]}
            title="Filter stack frames to a type."
            type="radio"
            value="js"
          />
          JavaScript
        </label>
        <label
          className="stackSettingsFilterLabel"
        >
          <input
            checked={false}
            className="stackSettingsFilterInput"
            name="stack-settings-filter"
            onChange={[Function]}
            title="Filter stack frames to a type."
            type="radio"
            value="cpp"
          />
          Native
        </label>
      </li>
      <li
        className="stackSettingsListItem"
      >
        <label
          className="stackSettingsLabel"
        >
          <input
            checked={false}
            className="stackSettingsCheckbox"
            onChange={[Function]}
            type="checkbox"
          />
           Invert call stack
        </label>
      </li>
    </ul>
    <div
      className="stackSearchField stackSettingsSearchField"
    >
      <label
        className="stackSearchFieldLabel"
      >
        Filter stacks: 
        <form
          className="idleSearchField stackSearchFieldInput"
          onSubmit={[Function]}
        >
          <input
            className="idleSearchFieldInput"
            name="search"
            onBlur={[Function]}
            onChange={[Function]}
            onFocus={[Function]}
            required="required"
            title="Only display stacks which contain a function whose name matches this substring"
            type="search"
            value=""
          />
          <input
            className="idleSearchFieldButton"
            onClick={[Function]}
            onFocus={[Function]}
            type="reset"
          />
        </form>
        <div
          className="stackSearchFieldIntroduction isHidden"
        >
          Did you know you can use the comma (,) to search using several terms?
        </div>
      </label>
    </div>
  </div>
  <div
    className="stackChartContent"
  >
    <div
      className="chartViewport"
      onMouseDown={[Function]}
      onWheel={[Function]}
    >
      <div>
        <canvas
          className="chartCanvas stackChartCanvas"
          onDoubleClick={[Function]}
          onMouseDown={[Function]}
          onMouseMove={[Function]}
          onMouseOut={[Function]}
          onMouseUp={[Function]}
        />
      </div>
      <div
        className="chartViewportShiftScroll hidden"
      >
        Zoom Chart:
        <kbd
          className="chartViewportShiftScrollKbd"
        >
          Shift
        </kbd>
        <kbd
          className="chartViewportShiftScrollKbd"
        >
          Scroll
        </kbd>
      </div>
    </div>
  </div>
</div>
`;

exports[`StackChart matches the snapshot 2`] = `
Array [
  Array [
    "scale",
    1,
    1,
  ],
  Array [
    "measureText",
    "abcdefghijklmnopqrstuvwxyzABCDEFGHIJKLMNOPQRSTUVWXYZ.()< /:-_",
  ],
  Array [
    "measureText",
    "â€¦",
  ],
  Array [
    "set fillStyle",
    "#ffffff",
  ],
  Array [
    "fillRect",
    0,
    0,
    365,
    300,
  ],
  Array [
    "set fillStyle",
    "#ededf0",
  ],
  Array [
    "fillRect",
    150,
    0,
    200,
    15,
  ],
  Array [
    "set fillStyle",
    "#ffffff",
  ],
  Array [
    "fillRect",
    150,
    0,
    1,
    15,
  ],
  Array [
    "measureText",
    "A",
  ],
  Array [
    "set fillStyle",
    "#000000",
  ],
  Array [
    "fillText",
    "A",
    153,
    11,
  ],
  Array [
    "set fillStyle",
    "#ededf0",
  ],
  Array [
    "fillRect",
    150,
    16,
    200,
    15,
  ],
  Array [
    "set fillStyle",
    "#ffffff",
  ],
  Array [
    "fillRect",
    150,
    16,
    1,
    15,
  ],
  Array [
    "measureText",
    "B",
  ],
  Array [
    "set fillStyle",
    "#000000",
  ],
  Array [
    "fillText",
    "B",
    153,
    27,
  ],
  Array [
    "set fillStyle",
    "#ededf0",
  ],
  Array [
    "fillRect",
    150,
    32,
    133.33333333333331,
    15,
  ],
  Array [
    "set fillStyle",
    "#ffffff",
  ],
  Array [
    "fillRect",
    150,
    32,
    1,
    15,
  ],
  Array [
    "measureText",
    "C",
  ],
  Array [
    "set fillStyle",
    "#000000",
  ],
  Array [
    "fillText",
    "C",
    153,
    43,
  ],
  Array [
    "set fillStyle",
    "#ededf0",
  ],
  Array [
    "fillRect",
    283.3333333333333,
    32,
    66.66666666666667,
    15,
  ],
  Array [
    "set fillStyle",
    "#ffffff",
  ],
  Array [
    "fillRect",
    283.3333333333333,
    32,
    1,
    15,
  ],
  Array [
    "measureText",
    "H",
  ],
  Array [
    "set fillStyle",
    "#000000",
  ],
  Array [
    "fillText",
    "H",
    286.3333333333333,
    43,
  ],
  Array [
    "set fillStyle",
    "#ededf0",
  ],
  Array [
    "fillRect",
    150,
    48,
    66.66666666666666,
    15,
  ],
  Array [
    "set fillStyle",
    "#ffffff",
  ],
  Array [
    "fillRect",
    150,
    48,
    1,
    15,
  ],
  Array [
    "measureText",
    "D",
  ],
  Array [
    "set fillStyle",
    "#000000",
  ],
  Array [
    "fillText",
    "D",
    153,
    59,
  ],
  Array [
    "set fillStyle",
    "#ededf0",
  ],
  Array [
    "fillRect",
    216.66666666666666,
    48,
    66.66666666666666,
    15,
  ],
  Array [
    "set fillStyle",
    "#ffffff",
  ],
  Array [
    "fillRect",
    216.66666666666666,
    48,
    1,
    15,
  ],
  Array [
    "measureText",
    "F",
  ],
  Array [
    "set fillStyle",
    "#000000",
  ],
  Array [
    "fillText",
    "F",
    219.66666666666666,
    59,
  ],
  Array [
    "set fillStyle",
    "#ededf0",
  ],
  Array [
    "fillRect",
    283.3333333333333,
    48,
    66.66666666666667,
    15,
  ],
  Array [
    "set fillStyle",
    "#ffffff",
  ],
  Array [
    "fillRect",
    283.3333333333333,
    48,
    1,
    15,
  ],
  Array [
    "measureText",
    "I",
  ],
  Array [
    "set fillStyle",
    "#000000",
  ],
  Array [
    "fillText",
    "I",
    286.3333333333333,
    59,
  ],
  Array [
    "set fillStyle",
    "#ededf0",
  ],
  Array [
    "fillRect",
    150,
    64,
    66.66666666666666,
    15,
  ],
  Array [
    "set fillStyle",
    "#ffffff",
  ],
  Array [
    "fillRect",
    150,
    64,
    1,
    15,
  ],
  Array [
    "measureText",
    "E",
  ],
  Array [
    "set fillStyle",
    "#000000",
  ],
  Array [
    "fillText",
    "E",
    153,
    75,
  ],
  Array [
    "set fillStyle",
    "#ededf0",
  ],
  Array [
    "fillRect",
    216.66666666666666,
    64,
    66.66666666666666,
    15,
  ],
  Array [
    "set fillStyle",
    "#ffffff",
  ],
  Array [
    "fillRect",
    216.66666666666666,
    64,
    1,
    15,
  ],
  Array [
    "measureText",
    "G",
  ],
  Array [
    "set fillStyle",
    "#000000",
  ],
  Array [
    "fillText",
    "G",
    219.66666666666666,
    75,
  ],
  Array [
    "set fillStyle",
    "#d7d7db",
  ],
  Array [
    "fillRect",
    150,
    0,
    1,
    300,
  ],
  Array [
    "fillRect",
    350,
    0,
    1,
    300,
  ],
]
`;
