// Jest Snapshot v1, https://goo.gl/fbAQLP

exports[`TimelineMarkers renders correctly 1`] = `
<div
  class="timelineMarkers selected"
  data-testid="TimelineMarkersOverview"
>
  <canvas
    class="timelineMarkersCanvas"
    height="300"
    width="200"
  />
</div>
`;

exports[`TimelineMarkers renders correctly 2`] = `
Array [
  Array [
    "clearRect",
    0,
    0,
    200,
    300,
  ],
  Array [
    "scale",
    1,
    1,
  ],
  Array [
    "set fillStyle",
    "black",
  ],
  Array [
    "fillRect",
    1,
    0,
    131.33333333333331,
    1,
  ],
  Array [
    "fillRect",
    0,
    1,
    133.33333333333331,
    4,
  ],
  Array [
    "fillRect",
    1,
    5,
    131.33333333333331,
    1,
  ],
  Array [
    "set fillStyle",
    "black",
  ],
  Array [
    "fillRect",
    1,
    0,
    131.33333333333331,
    1,
  ],
  Array [
    "fillRect",
    0,
    1,
    133.33333333333331,
    4,
  ],
  Array [
    "fillRect",
    1,
    5,
    131.33333333333331,
    1,
  ],
  Array [
    "set fillStyle",
    "black",
  ],
  Array [
    "fillRect",
    68,
    0,
    131.33333333333331,
    1,
  ],
  Array [
    "fillRect",
    67,
    1,
    133.33333333333331,
    4,
  ],
  Array [
    "fillRect",
    68,
    5,
    131.33333333333331,
    1,
  ],
  Array [
    "scale",
    1,
    1,
  ],
]
`;
