// Jest Snapshot v1, https://goo.gl/fbAQLP

exports[`TooltipCallNode handles native allocations 1`] = `
<div
  class="tooltipCallNode"
>
  <div
    class="tooltipOneLine tooltipHeader"
  >
    <div
      class="tooltipTiming"
    >
      Fake Duration Text
    </div>
    <div
      class="tooltipTitle"
    >
      Gjs
    </div>
    <div
      class="tooltipIcon"
    />
  </div>
  <div
    class="tooltipCallNodeDetails"
  >
    <div
      class="tooltipDetails tooltipCallNodeDetailsLeft"
    >
      <div
        class="tooltipLabel"
      >
        Total Bytes:
      </div>
      <div>
        12 bytes
      </div>
      <div
        class="tooltipLabel"
      >
        Self Bytes:
      </div>
      <div>
        5 bytes
      </div>
    </div>
    <div
      class="tooltipDetails tooltipCallNodeDetailsLeft"
    >
      <div
        class="tooltipLabel"
      >
        Stack Type:
      </div>
      <div>
        JavaScript
      </div>
      <div
        class="tooltipLabel"
      >
        Category:
      </div>
      <div>
        <span
          class="colored-square category-color-yellow"
        />
        JavaScript
      </div>
    </div>
  </div>
</div>
`;
