// Jest Snapshot v1, https://goo.gl/fbAQLP

exports[`timeline/TrackThread matches the snapshot 1`] = `
<div
  class="timelineTrackThread"
>
  <div
    class="timelineMarkers selected"
    data-testid="TimelineMarkersJank"
  >
    <canvas
      class="timelineMarkersCanvas"
    />
  </div>
  <div
    class="threadStackGraph"
  >
    <canvas
      class="threadStackGraphCanvas threadStackGraphCanvas"
      height="50"
      width="400"
    />
  </div>
  <div
    class="timelineEmptyThreadIndicator"
  />
</div>
`;
