// Jest Snapshot v1, https://goo.gl/fbAQLP

exports[`TrackCustomMarker draws a dot that matches the snapshot 1`] = `
<div
  class="timelineTrackCustomMarkerGraphDot"
  style="left: 10px; top: 21.542857142857144px; background-color: rgb(74, 74, 79); margin-left: 0px; width: 10px;"
/>
`;

exports[`TrackCustomMarker has a tooltip that matches the snapshot 1`] = `
<div
  class="tooltipMarker"
>
  <div
    class="tooltipHeader"
  >
    <div
      class="tooltipOneLine"
    >
      <div
        class="tooltipTiming"
      >
        1ms
      </div>
      <div
        class="tooltipTitle"
      >
        Marker
      </div>
    </div>
  </div>
  <div
    class="tooltipDetails"
  >
    <div
      class="tooltipLabel"
    >
      first
      :
    </div>
    5
    <div
      class="tooltipLabel"
    >
      second
      :
    </div>
    10
    <div
      class="tooltipLabel"
    >
      Thread
      :
    </div>
    Empty
  </div>
</div>
`;

exports[`TrackCustomMarker matches the 2d canvas draw snapshot 1`] = `
Array [
  Array [
    "clearRect",
    0,
    0,
    80,
    25,
  ],
  Array [
    "set lineWidth",
    2,
  ],
  Array [
    "set lineJoin",
    "bevel",
  ],
  Array [
    "set strokeStyle",
    "#737373",
  ],
  Array [
    "beginPath",
  ],
  Array [
    "moveTo",
    0,
    24,
  ],
  Array [
    "lineTo",
    10,
    24,
  ],
  Array [
    "lineTo",
    10,
    22.482142857142858,
  ],
  Array [
    "lineTo",
    20,
    22.482142857142858,
  ],
  Array [
    "lineTo",
    20,
    20.964285714285715,
  ],
  Array [
    "lineTo",
    30,
    20.964285714285715,
  ],
  Array [
    "lineTo",
    30,
    19.446428571428573,
  ],
  Array [
    "lineTo",
    40,
    19.446428571428573,
  ],
  Array [
    "lineTo",
    40,
    17.92857142857143,
  ],
  Array [
    "lineTo",
    50,
    17.92857142857143,
  ],
  Array [
    "lineTo",
    50,
    16.410714285714285,
  ],
  Array [
    "lineTo",
    60,
    16.410714285714285,
  ],
  Array [
    "lineTo",
    60,
    14.892857142857144,
  ],
  Array [
    "lineTo",
    70,
    14.892857142857144,
  ],
  Array [
    "lineTo",
    70,
    13.375,
  ],
  Array [
    "lineTo",
    80,
    13.375,
  ],
  Array [
    "stroke",
  ],
  Array [
    "set strokeStyle",
    "#30e60b",
  ],
  Array [
    "set fillStyle",
    "#30e60b",
  ],
  Array [
    "fillRect",
    0,
    24,
    10,
    1,
  ],
  Array [
    "fillRect",
    10,
    20.964285714285715,
    10,
    4.035714285714285,
  ],
  Array [
    "fillRect",
    20,
    17.92857142857143,
    10,
    7.071428571428569,
  ],
  Array [
    "fillRect",
    30,
    14.892857142857144,
    10,
    10.107142857142856,
  ],
  Array [
    "fillRect",
    40,
    11.85714285714286,
    10,
    13.14285714285714,
  ],
  Array [
    "fillRect",
    50,
    8.821428571428573,
    10,
    16.178571428571427,
  ],
  Array [
    "fillRect",
    60,
    5.785714285714288,
    10,
    19.21428571428571,
  ],
  Array [
    "fillRect",
    70,
    2.75,
    10,
    22.25,
  ],
]
`;

exports[`TrackCustomMarker matches the component snapshot 1`] = `
<div
  class="timelineTrackCustomMarker"
  style="height: 25px; --graph-height: 25px;"
>
  <div
    class="timelineTrackCustomMarkerGraph"
  >
    <div>
      <canvas
        class="timelineTrackCustomMarkerCanvas"
        height="25"
        width="80"
      />
    </div>
  </div>
</div>
`;
