// Jest Snapshot v1, https://goo.gl/fbAQLP

exports[`calltree/ZipFileTree clicking on a profile link kicks off the profile loading process when clicked 1`] = `"Loading the profile from the zip file..."`;

exports[`calltree/ZipFileTree renders a zip file tree 1`] = `
<section
  class="zipFileViewer"
>
  <div
    class="zipFileViewerSection"
  >
    <header
      class="zipFileViewerHeader"
    >
      <h1>
        Firefox Profiler
      </h1>
      <p>
        Choose a profile from this zip file
      </p>
    </header>
    <div
      class="treeView"
    >
      <div
        class="react-contextmenu-wrapper treeViewContextMenu"
      >
        <div
          aria-label="Call tree"
          class="treeViewBody"
          role="tree"
          tabindex="0"
        >
          <div
            class="treeViewBodyInnerWrapper"
          >
            <div
              class="treeViewBodyInner treeViewBodyInner0"
              style="height: 180px;"
            >
              <div
                class="treeViewBodyInner treeViewBodyInner0TopSpacer"
                style="height: 0px;"
              />
              <div
                class="treeViewBodyInner treeViewBodyInner0InnerChunk"
              >
                <div
                  class="treeViewRow treeViewRowFixedColumns even "
                  style="height: 30px; line-height: 30px;"
                />
                <div
                  class="treeViewRow treeViewRowFixedColumns odd "
                  style="height: 30px; line-height: 30px;"
                />
                <div
                  class="treeViewRow treeViewRowFixedColumns even "
                  style="height: 30px; line-height: 30px;"
                />
                <div
                  class="treeViewRow treeViewRowFixedColumns odd "
                  style="height: 30px; line-height: 30px;"
                />
                <div
                  class="treeViewRow treeViewRowFixedColumns even "
                  style="height: 30px; line-height: 30px;"
                />
                <div
                  class="treeViewRow treeViewRowFixedColumns odd "
                  style="height: 30px; line-height: 30px;"
                />
              </div>
            </div>
            <div
              class="treeViewBodyInner treeViewBodyInner1"
              style="height: 180px; width: 3000px;"
            >
              <div
                class="treeViewBodyInner treeViewBodyInner1TopSpacer"
                style="height: 0px;"
              />
              <div
                class="treeViewBodyInner treeViewBodyInner1InnerChunk"
              >
                <div
                  aria-expanded="true"
                  aria-label="foo, running time is undefined (undefined), self time is undefined"
                  aria-level="1"
                  aria-selected="false"
                  class="treeViewRow treeViewRowScrolledColumns even  "
                  role="treeitem"
                  style="height: 30px; line-height: 30px;"
                >
                  <span
                    class="treeRowIndentSpacer"
                    style="width: 0px;"
                  />
                  <span
                    class="treeRowToggleButton expanded canBeExpanded"
                  />
                  <span
                    class="treeViewRowColumn treeViewMainColumn name"
                  >
                    foo
                  </span>
                </div>
                <div
                  aria-expanded="true"
                  aria-label="bar, running time is undefined (undefined), self time is undefined"
                  aria-level="2"
                  aria-selected="false"
                  class="treeViewRow treeViewRowScrolledColumns odd  "
                  role="treeitem"
                  style="height: 30px; line-height: 30px;"
                >
                  <span
                    class="treeRowIndentSpacer"
                    style="width: 15px;"
                  />
                  <span
                    class="treeRowToggleButton expanded canBeExpanded"
                  />
                  <span
                    class="treeViewRowColumn treeViewMainColumn name"
                  >
                    bar
                  </span>
                </div>
                <div
                  aria-label="profile1.json, running time is undefined (undefined), self time is undefined"
                  aria-level="3"
                  aria-selected="false"
                  class="treeViewRow treeViewRowScrolledColumns even  "
                  role="treeitem"
                  style="height: 30px; line-height: 30px;"
                >
                  <span
                    class="treeRowIndentSpacer"
                    style="width: 30px;"
                  />
                  <span
                    class="treeRowToggleButton collapsed leaf"
                  />
                  <span
                    class="treeViewRowColumn treeViewMainColumn name"
                  >
                    <a
                      href="http://localhost/from-url//calltree/?file=foo%2Fbar%2Fprofile1.json"
                    >
                      profile1.json
                    </a>
                  </span>
                </div>
                <div
                  aria-label="profile2.json, running time is undefined (undefined), self time is undefined"
                  aria-level="2"
                  aria-selected="false"
                  class="treeViewRow treeViewRowScrolledColumns odd  "
                  role="treeitem"
                  style="height: 30px; line-height: 30px;"
                >
                  <span
                    class="treeRowIndentSpacer"
                    style="width: 15px;"
                  />
                  <span
                    class="treeRowToggleButton collapsed leaf"
                  />
                  <span
                    class="treeViewRowColumn treeViewMainColumn name"
                  >
                    <a
                      href="http://localhost/from-url//calltree/?file=foo%2Fprofile2.json"
                    >
                      profile2.json
                    </a>
                  </span>
                </div>
                <div
                  aria-expanded="true"
                  aria-label="baz, running time is undefined (undefined), self time is undefined"
                  aria-level="1"
                  aria-selected="false"
                  class="treeViewRow treeViewRowScrolledColumns even  "
                  role="treeitem"
                  style="height: 30px; line-height: 30px;"
                >
                  <span
                    class="treeRowIndentSpacer"
                    style="width: 0px;"
                  />
                  <span
                    class="treeRowToggleButton expanded canBeExpanded"
                  />
                  <span
                    class="treeViewRowColumn treeViewMainColumn name"
                  >
                    baz
                  </span>
                </div>
                <div
                  aria-label="profile3.json, running time is undefined (undefined), self time is undefined"
                  aria-level="2"
                  aria-selected="false"
                  class="treeViewRow treeViewRowScrolledColumns odd  "
                  role="treeitem"
                  style="height: 30px; line-height: 30px;"
                >
                  <span
                    class="treeRowIndentSpacer"
                    style="width: 15px;"
                  />
                  <span
                    class="treeRowToggleButton collapsed leaf"
                  />
                  <span
                    class="treeViewRowColumn treeViewMainColumn name"
                  >
                    <a
                      href="http://localhost/from-url//calltree/?file=baz%2Fprofile3.json"
                    >
                      profile3.json
                    </a>
                  </span>
                </div>
              </div>
            </div>
          </div>
        </div>
      </div>
    </div>
  </div>
</section>
`;
